------------------------------------------------------------
TimeQuest Timing Analyzer Summary
------------------------------------------------------------

Type  : Slow 1100mV 85C Model Setup 'CLOCK_50'
Slack : -0.117
TNS   : -0.311

Type  : Slow 1100mV 85C Model Hold 'CLOCK_50'
Slack : 0.345
TNS   : 0.000

Type  : Slow 1100mV 85C Model Minimum Pulse Width 'CLOCK_50'
Slack : -0.394
TNS   : -3.280

Type  : Slow 1100mV 0C Model Setup 'CLOCK_50'
Slack : -0.131
TNS   : -0.457

Type  : Slow 1100mV 0C Model Hold 'CLOCK_50'
Slack : 0.316
TNS   : 0.000

Type  : Slow 1100mV 0C Model Minimum Pulse Width 'CLOCK_50'
Slack : -0.394
TNS   : -3.004

Type  : Fast 1100mV 85C Model Setup 'CLOCK_50'
Slack : 0.350
TNS   : 0.000

Type  : Fast 1100mV 85C Model Hold 'CLOCK_50'
Slack : 0.186
TNS   : 0.000

Type  : Fast 1100mV 85C Model Minimum Pulse Width 'CLOCK_50'
Slack : -0.394
TNS   : -2.633

Type  : Fast 1100mV 0C Model Setup 'CLOCK_50'
Slack : 0.371
TNS   : 0.000

Type  : Fast 1100mV 0C Model Hold 'CLOCK_50'
Slack : 0.176
TNS   : 0.000

Type  : Fast 1100mV 0C Model Minimum Pulse Width 'CLOCK_50'
Slack : -0.433
TNS   : -3.222

------------------------------------------------------------
