------------------------------------------------------------
TimeQuest Timing Analyzer Summary
------------------------------------------------------------

Type  : Slow 1100mV 85C Model Setup 'CLOCK_50'
Slack : -3.847
TNS   : -19.195

Type  : Slow 1100mV 85C Model Setup 'clock_divider:clkdiv|divided_clock[15]'
Slack : -3.071
TNS   : -230.262

Type  : Slow 1100mV 85C Model Hold 'CLOCK_50'
Slack : 0.387
TNS   : 0.000

Type  : Slow 1100mV 85C Model Hold 'clock_divider:clkdiv|divided_clock[15]'
Slack : 0.482
TNS   : 0.000

Type  : Slow 1100mV 85C Model Minimum Pulse Width 'CLOCK_50'
Slack : -0.647
TNS   : -10.985

Type  : Slow 1100mV 85C Model Minimum Pulse Width 'clock_divider:clkdiv|divided_clock[15]'
Slack : -0.394
TNS   : -67.029

Type  : Slow 1100mV 0C Model Setup 'CLOCK_50'
Slack : -3.683
TNS   : -20.067

Type  : Slow 1100mV 0C Model Setup 'clock_divider:clkdiv|divided_clock[15]'
Slack : -3.041
TNS   : -225.411

Type  : Slow 1100mV 0C Model Hold 'CLOCK_50'
Slack : 0.331
TNS   : 0.000

Type  : Slow 1100mV 0C Model Hold 'clock_divider:clkdiv|divided_clock[15]'
Slack : 0.496
TNS   : 0.000

Type  : Slow 1100mV 0C Model Minimum Pulse Width 'CLOCK_50'
Slack : -0.679
TNS   : -10.240

Type  : Slow 1100mV 0C Model Minimum Pulse Width 'clock_divider:clkdiv|divided_clock[15]'
Slack : -0.394
TNS   : -65.833

Type  : Fast 1100mV 85C Model Setup 'CLOCK_50'
Slack : -3.224
TNS   : -6.191

Type  : Fast 1100mV 85C Model Setup 'clock_divider:clkdiv|divided_clock[15]'
Slack : -1.595
TNS   : -111.358

Type  : Fast 1100mV 85C Model Hold 'clock_divider:clkdiv|divided_clock[15]'
Slack : 0.172
TNS   : 0.000

Type  : Fast 1100mV 85C Model Hold 'CLOCK_50'
Slack : 0.205
TNS   : 0.000

Type  : Fast 1100mV 85C Model Minimum Pulse Width 'CLOCK_50'
Slack : -0.715
TNS   : -8.142

Type  : Fast 1100mV 85C Model Minimum Pulse Width 'clock_divider:clkdiv|divided_clock[15]'
Slack : -0.097
TNS   : -0.774

Type  : Fast 1100mV 0C Model Setup 'CLOCK_50'
Slack : -2.694
TNS   : -5.126

Type  : Fast 1100mV 0C Model Setup 'clock_divider:clkdiv|divided_clock[15]'
Slack : -1.390
TNS   : -96.374

Type  : Fast 1100mV 0C Model Hold 'clock_divider:clkdiv|divided_clock[15]'
Slack : 0.161
TNS   : 0.000

Type  : Fast 1100mV 0C Model Hold 'CLOCK_50'
Slack : 0.195
TNS   : 0.000

Type  : Fast 1100mV 0C Model Minimum Pulse Width 'CLOCK_50'
Slack : -0.761
TNS   : -9.598

Type  : Fast 1100mV 0C Model Minimum Pulse Width 'clock_divider:clkdiv|divided_clock[15]'
Slack : -0.037
TNS   : -0.037

------------------------------------------------------------
